SQL> SELECT ENAME,SAL*12 ANNUAL_SALARY
  2  FROM EMP;

ENAME      ANNUAL_SALARY                                                                                                                                                                                
---------- -------------                                                                                                                                                                                
SMITH               9600                                                                                                                                                                                
ALLEN              19200                                                                                                                                                                                
WARD               15000                                                                                                                                                                                
JONES              35700                                                                                                                                                                                
MARTIN             15000                                                                                                                                                                                
BLAKE              34200                                                                                                                                                                                
CLARK              29400                                                                                                                                                                                
SCOTT              36000                                                                                                                                                                                
KING               60000                                                                                                                                                                                
TURNER             18000                                                                                                                                                                                
ADAMS              13200                                                                                                                                                                                
JAMES              11400                                                                                                                                                                                
FORD               36000                                                                                                                                                                                
MILLER             15600                                                                                                                                                                                

14 rows selected.

SQL> SELECT ENAME,JOB,SAL*6
  2  "HALF TERM SAL"
  3  FROM EMP;

ENAME      JOB       HALF TERM SAL                                                                                                                                                                      
---------- --------- -------------                                                                                                                                                                      
SMITH      CLERK              4800                                                                                                                                                                      
ALLEN      SALESMAN           9600                                                                                                                                                                      
WARD       SALESMAN           7500                                                                                                                                                                      
JONES      MANAGER           17850                                                                                                                                                                      
MARTIN     SALESMAN           7500                                                                                                                                                                      
BLAKE      MANAGER           17100                                                                                                                                                                      
CLARK      MANAGER           14700                                                                                                                                                                      
SCOTT      ANALYST           18000                                                                                                                                                                      
KING       PRESIDENT         30000                                                                                                                                                                      
TURNER     SALESMAN           9000                                                                                                                                                                      
ADAMS      CLERK              6600                                                                                                                                                                      
JAMES      CLERK              5700                                                                                                                                                                      
FORD       ANALYST           18000                                                                                                                                                                      
MILLER     CLERK              7800                                                                                                                                                                      

14 rows selected.

SQL> SELECT EMP.*,SAL*12
  2  "ANNUAL SALARY"
  3  FROM EMP;

     EMPNO ENAME      JOB              MGR HIREDATE         SAL       COMM     DEPTNO ANNUAL SALARY                                                                                                     
---------- ---------- --------- ---------- --------- ---------- ---------- ---------- -------------                                                                                                     
      7369 SMITH      CLERK           7902 17-DEC-80        800                    20          9600                                                                                                     
      7499 ALLEN      SALESMAN        7698 20-FEB-81       1600        300         30         19200                                                                                                     
      7521 WARD       SALESMAN        7698 22-FEB-81       1250        500         30         15000                                                                                                     
      7566 JONES      MANAGER         7839 02-APR-81       2975                    20         35700                                                                                                     
      7654 MARTIN     SALESMAN        7698 28-SEP-81       1250       1400         30         15000                                                                                                     
      7698 BLAKE      MANAGER         7839 01-MAY-81       2850                    30         34200                                                                                                     
      7782 CLARK      MANAGER         7839 09-JUN-81       2450                    10         29400                                                                                                     
      7788 SCOTT      ANALYST         7566 19-APR-87       3000                    20         36000                                                                                                     
      7839 KING       PRESIDENT            17-NOV-81       5000                    10         60000                                                                                                     
      7844 TURNER     SALESMAN        7698 08-SEP-81       1500          0         30         18000                                                                                                     
      7876 ADAMS      CLERK           7788 23-MAY-87       1100                    20         13200                                                                                                     
      7900 JAMES      CLERK           7698 03-DEC-81        950                    30         11400                                                                                                     
      7902 FORD       ANALYST         7566 03-DEC-81       3000                    20         36000                                                                                                     
      7934 MILLER     CLERK           7782 23-JAN-82       1300                    10         15600                                                                                                     

14 rows selected.

SQL> SELECT EMP.*,SAL*12+2000 ANNUAL_SAL_PLUS_BONOUS
  2  FROM EMP;

     EMPNO ENAME      JOB              MGR HIREDATE         SAL       COMM     DEPTNO ANNUAL_SAL_PLUS_BONOUS                                                                                            
---------- ---------- --------- ---------- --------- ---------- ---------- ---------- ----------------------                                                                                            
      7369 SMITH      CLERK           7902 17-DEC-80        800                    20                  11600                                                                                            
      7499 ALLEN      SALESMAN        7698 20-FEB-81       1600        300         30                  21200                                                                                            
      7521 WARD       SALESMAN        7698 22-FEB-81       1250        500         30                  17000                                                                                            
      7566 JONES      MANAGER         7839 02-APR-81       2975                    20                  37700                                                                                            
      7654 MARTIN     SALESMAN        7698 28-SEP-81       1250       1400         30                  17000                                                                                            
      7698 BLAKE      MANAGER         7839 01-MAY-81       2850                    30                  36200                                                                                            
      7782 CLARK      MANAGER         7839 09-JUN-81       2450                    10                  31400                                                                                            
      7788 SCOTT      ANALYST         7566 19-APR-87       3000                    20                  38000                                                                                            
      7839 KING       PRESIDENT            17-NOV-81       5000                    10                  62000                                                                                            
      7844 TURNER     SALESMAN        7698 08-SEP-81       1500          0         30                  20000                                                                                            
      7876 ADAMS      CLERK           7788 23-MAY-87       1100                    20                  15200                                                                                            
      7900 JAMES      CLERK           7698 03-DEC-81        950                    30                  13400                                                                                            
      7902 FORD       ANALYST         7566 03-DEC-81       3000                    20                  38000                                                                                            
      7934 MILLER     CLERK           7782 23-JAN-82       1300                    10                  17600                                                                                            

14 rows selected.

SQL> SELECT ENAME,SAL,SAL*20/100
  2  FROM EMP;

ENAME             SAL SAL*20/100                                                                                                                                                                        
---------- ---------- ----------                                                                                                                                                                        
SMITH             800        160                                                                                                                                                                        
ALLEN            1600        320                                                                                                                                                                        
WARD             1250        250                                                                                                                                                                        
JONES            2975        595                                                                                                                                                                        
MARTIN           1250        250                                                                                                                                                                        
BLAKE            2850        570                                                                                                                                                                        
CLARK            2450        490                                                                                                                                                                        
SCOTT            3000        600                                                                                                                                                                        
KING             5000       1000                                                                                                                                                                        
TURNER           1500        300                                                                                                                                                                        
ADAMS            1100        220                                                                                                                                                                        
JAMES             950        190                                                                                                                                                                        
FORD             3000        600                                                                                                                                                                        
MILLER           1300        260                                                                                                                                                                        

14 rows selected. 


SQL> SELECT SAL*(SAL+COMM)
  2  FROM EMP;

SAL*(SAL+COMM)                                                                                                                                                                                          
--------------                                                                                                                                                                                          
                                                                                                                                                                                                        
       3040000                                                                                                                                                                                          
       2187500                                                                                                                                                                                          
                                                                                                                                                                                                        
       3312500                                                                                                                                                                                          
                                                                                                                                                                                                        
                                                                                                                                                                                                        
                                                                                                                                                                                                        
                                                                                                                                                                                                        
       2250000                                                                                                                                                                                          
                                                                                                                                                                                                        
                                                                                                                                                                                                        
                                                                                                                                                                                                        
                                                                                                                                                                                                        

14 rows selected.


SQL> SELECT ENAME,SAL-(SAL*25/100) SAL_DEDUCTION
  2  FROM EMP;

ENAME      SAL_DEDUCTION                                                                                                                                                                                
---------- -------------                                                                                                                                                                                
SMITH                600                                                                                                                                                                                
ALLEN               1200                                                                                                                                                                                
WARD               937.5                                                                                                                                                                                
JONES            2231.25                                                                                                                                                                                
MARTIN             937.5                                                                                                                                                                                
BLAKE             2137.5                                                                                                                                                                                
CLARK             1837.5                                                                                                                                                                                
SCOTT               2250                                                                                                                                                                                
KING                3750                                                                                                                                                                                
TURNER              1125                                                                                                                                                                                
ADAMS                825                                                                                                                                                                                
JAMES              712.5                                                                                                                                                                                
FORD                2250                                                                                                                                                                                
MILLER               975                                                                                                                                                                                

14 rows selected.

SQL> SELECT ENAME,SAL+50/100 MONTHLY_HIKE
  2  FROM EMP;

ENAME      MONTHLY_HIKE                                                                                                                                                                                 
---------- ------------                                                                                                                                                                                 
SMITH             800.5                                                                                                                                                                                 
ALLEN            1600.5                                                                                                                                                                                 
WARD             1250.5                                                                                                                                                                                 
JONES            2975.5                                                                                                                                                                                 
MARTIN           1250.5                                                                                                                                                                                 
BLAKE            2850.5                                                                                                                                                                                 
CLARK            2450.5                                                                                                                                                                                 
SCOTT            3000.5                                                                                                                                                                                 
KING             5000.5                                                                                                                                                                                 
TURNER           1500.5                                                                                                                                                                                 
ADAMS            1100.5                                                                                                                                                                                 
JAMES             950.5                                                                                                                                                                                 
FORD             3000.5                                                                                                                                                                                 
MILLER           1300.5                                                                                                                                                                                 

14 rows selected.

> 
SQL> SELECT ENAME,((SAL*12)-(SAL*12)*10/100)
  2  FROM EMP;

ENAME      ((SAL*12)-(SAL*12)*10/100)                                                                                                                                                                   
---------- --------------------------                                                                                                                                                                   
SMITH                            8640                                                                                                                                                                   
ALLEN                           17280                                                                                                                                                                   
WARD                            13500                                                                                                                                                                   
JONES                           32130                                                                                                                                                                   
MARTIN                          13500                                                                                                                                                                   
BLAKE                           30780                                                                                                                                                                   
CLARK                           26460                                                                                                                                                                   
SCOTT                           32400                                                                                                                                                                   
KING                            54000                                                                                                                                                                   
TURNER                          16200                                                                                                                                                                   
ADAMS                           11880                                                                                                                                                                   
JAMES                           10260                                                                                                                                                                   
FORD                            32400                                                                                                                                                                   
MILLER                          14040                                                                                                                                                                   

14 rows selected.

SQL> SELECT *,SAL*12
  2  FROM EMP;
SELECT *,SAL*12
        *
ERROR at line 1:
ORA-00923: FROM keyword not found where expected 


SQL> SELECT EMP.*,SAL*12
  2  FROM EMP;

     EMPNO ENAME      JOB              MGR HIREDATE         SAL       COMM     DEPTNO     SAL*12                                                                                                        
---------- ---------- --------- ---------- --------- ---------- ---------- ---------- ----------                                                                                                        
      7369 SMITH      CLERK           7902 17-DEC-80        800                    20       9600                                                                                                        
      7499 ALLEN      SALESMAN        7698 20-FEB-81       1600        300         30      19200                                                                                                        
      7521 WARD       SALESMAN        7698 22-FEB-81       1250        500         30      15000                                                                                                        
      7566 JONES      MANAGER         7839 02-APR-81       2975                    20      35700                                                                                                        
      7654 MARTIN     SALESMAN        7698 28-SEP-81       1250       1400         30      15000                                                                                                        
      7698 BLAKE      MANAGER         7839 01-MAY-81       2850                    30      34200                                                                                                        
      7782 CLARK      MANAGER         7839 09-JUN-81       2450                    10      29400                                                                                                        
      7788 SCOTT      ANALYST         7566 19-APR-87       3000                    20      36000                                                                                                        
      7839 KING       PRESIDENT            17-NOV-81       5000                    10      60000                                                                                                        
      7844 TURNER     SALESMAN        7698 08-SEP-81       1500          0         30      18000                                                                                                        
      7876 ADAMS      CLERK           7788 23-MAY-87       1100                    20      13200                                                                                                        
      7900 JAMES      CLERK           7698 03-DEC-81        950                    30      11400                                                                                                        
      7902 FORD       ANALYST         7566 03-DEC-81       3000                    20      36000                                                                                                        
      7934 MILLER     CLERK           7782 23-JAN-82       1300                    10      15600                                                                                                        

14 rows selected.

SQL> SELECT ENAME,JOB,SAL-100
  2  FROM EMP;

ENAME      JOB          SAL-100                                                                                                                                                                         
---------- --------- ----------                                                                                                                                                                         
SMITH      CLERK            700                                                                                                                                                                         
ALLEN      SALESMAN        1500                                                                                                                                                                         
WARD       SALESMAN        1150                                                                                                                                                                         
JONES      MANAGER         2875                                                                                                                                                                         
MARTIN     SALESMAN        1150                                                                                                                                                                         
BLAKE      MANAGER         2750                                                                                                                                                                         
CLARK      MANAGER         2350                                                                                                                                                                         
SCOTT      ANALYST         2900                                                                                                                                                                         
KING       PRESIDENT       4900                                                                                                                                                                         
TURNER     SALESMAN        1400                                                                                                                                                                         
ADAMS      CLERK           1000                                                                                                                                                                         
JAMES      CLERK            850                                                                                                                                                                         
FORD       ANALYST         2900                                                                                                                                                                         
MILLER     CLERK           1200                                                                                                                                                                         

14 rows selected.



SQL> SPOOL OFF
